File([Function(
    "main"
  , Meta(
      InSize(1)
    , OutSize(1)
    )
  , Scope(
      Size(9)
    , [
        Store(
          "d"
        , Array([
            UI8(1)
          , UI8(2)
          , UI8(3)
          ])
        )
      , Store(
          "c"
        , UI8(1)
        )
      , Load("c")
      ]
    )
  )])